ModelListener.hpp:18:18:virtual void ModelListener::updateGuage(uint16_t)	0	static
Screen2Presenter.hpp:28:13:Screen2Presenter::~Screen2Presenter()	0	static
Screen2Presenter.cpp:10:6:virtual void Screen2Presenter::activate()	0	static
Screen2Presenter.hpp:28:13:virtual Screen2Presenter::~Screen2Presenter()	8	static
Screen2Presenter.hpp:28:13:virtual void* Screen2Presenter::_ZThn4_N16Screen2PresenterD1Ev()	0	static
Screen2Presenter.cpp:4:1:Screen2Presenter::Screen2Presenter(Screen2View&)	8	static
