stm32f7xx_hal_jpeg.c:2525:26:JPEG_Bits_To_SizeCodes	20	static
stm32f7xx_hal_jpeg.c:2647:26:JPEG_DCHuff_BitsVals_To_SizeCodes	1320	static
stm32f7xx_hal_jpeg.c:2692:26:JPEG_Set_HuffDC_Mem	88	static
stm32f7xx_hal_jpeg.c:2754:26:JPEG_Set_HuffAC_Mem	2136	static
stm32f7xx_hal_jpeg.c:3061:17:JPEG_Set_Quantization_Mem	24	static
stm32f7xx_hal_jpeg.c:3267:13:JPEG_Init_Process	0	static
stm32f7xx_hal_jpeg.c:3653:26:JPEG_DMA_StartProcess.part.0	8	static
stm32f7xx_hal_jpeg.c:675:13:HAL_JPEG_MspInit	0	static
stm32f7xx_hal_jpeg.c:498:19:HAL_JPEG_Init	16	static
stm32f7xx_hal_jpeg.c:691:13:HAL_JPEG_MspDeInit	0	static
stm32f7xx_hal_jpeg.c:624:19:HAL_JPEG_DeInit	8	static
stm32f7xx_hal_jpeg.c:1116:19:HAL_JPEG_ConfigEncoding	16	static
stm32f7xx_hal_jpeg.c:1306:19:HAL_JPEG_GetInfo	36	static
stm32f7xx_hal_jpeg.c:1379:19:HAL_JPEG_EnableHeaderParsing	0	static
stm32f7xx_hal_jpeg.c:1415:19:HAL_JPEG_DisableHeaderParsing	0	static
stm32f7xx_hal_jpeg.c:1462:20:HAL_JPEG_SetUserQuantTables	12	static
stm32f7xx_hal_jpeg.c:1735:20:HAL_JPEG_Encode_IT	16	static
stm32f7xx_hal_jpeg.c:1805:20:HAL_JPEG_Decode_IT	16	static
stm32f7xx_hal_jpeg.c:1865:20:HAL_JPEG_Encode_DMA	16	static
stm32f7xx_hal_jpeg.c:1946:20:HAL_JPEG_Decode_DMA	16	static
stm32f7xx_hal_jpeg.c:2016:20:HAL_JPEG_Pause	0	static
stm32f7xx_hal_jpeg.c:2166:6:HAL_JPEG_ConfigInputBuffer	0	static
stm32f7xx_hal_jpeg.c:2180:6:HAL_JPEG_ConfigOutputBuffer	0	static
stm32f7xx_hal_jpeg.c:2192:19:HAL_JPEG_Abort	16	static
stm32f7xx_hal_jpeg.c:2314:13:HAL_JPEG_InfoReadyCallback	0	static
stm32f7xx_hal_jpeg.c:2331:13:HAL_JPEG_EncodeCpltCallback	0	static
stm32f7xx_hal_jpeg.c:2347:13:HAL_JPEG_DecodeCpltCallback	0	static
stm32f7xx_hal_jpeg.c:2363:13:HAL_JPEG_ErrorCallback	0	static
stm32f7xx_hal_jpeg.c:4064:13:JPEG_DMAErrorCallback	8	static
stm32f7xx_hal_jpeg.c:2380:13:HAL_JPEG_GetDataCallback	0	static
stm32f7xx_hal_jpeg.c:3564:13:JPEG_ReadInputData	24	static
stm32f7xx_hal_jpeg.c:3951:13:JPEG_DMAInCpltCallback	8	static
stm32f7xx_hal_jpeg.c:2399:13:HAL_JPEG_DataReadyCallback	0	static
stm32f7xx_hal_jpeg.c:3470:13:JPEG_StoreOutputData	16	static
stm32f7xx_hal_jpeg.c:3324:17:JPEG_Process	16	static
stm32f7xx_hal_jpeg.c:1537:20:HAL_JPEG_Encode	32	static
stm32f7xx_hal_jpeg.c:1641:20:HAL_JPEG_Decode	32	static
stm32f7xx_hal_jpeg.c:3862:13:JPEG_DMA_PollResidualData	16	static
stm32f7xx_hal_jpeg.c:2072:20:HAL_JPEG_Resume	16	static
stm32f7xx_hal_jpeg.c:3782:13:JPEG_DMA_EndProcess	16	static
stm32f7xx_hal_jpeg.c:4095:13:JPEG_DMAOutAbortCallback	0	static
stm32f7xx_hal_jpeg.c:4012:13:JPEG_DMAOutCpltCallback	8	static
stm32f7xx_hal_jpeg.c:2436:6:HAL_JPEG_IRQHandler	16	static
stm32f7xx_hal_jpeg.c:2488:23:HAL_JPEG_GetState	0	static
stm32f7xx_hal_jpeg.c:2499:10:HAL_JPEG_GetError	0	static
