stm32f7xx_hal_qspi.c:2483:13:QSPI_DMARxCplt	0	static
stm32f7xx_hal_qspi.c:2497:13:QSPI_DMATxCplt	0	static
stm32f7xx_hal_qspi.c:2669:13:QSPI_Config	32	static
stm32f7xx_hal_qspi.c:2611:26:QSPI_WaitFlagStateUntilTimeout	24	static
stm32f7xx_hal_qspi.c:2640:26:QSPI_WaitFlagStateUntilTimeout_CPUCycle.constprop	8	static
stm32f7xx_hal_qspi.c:434:13:HAL_QSPI_MspInit	0	static
stm32f7xx_hal_qspi.c:292:19:HAL_QSPI_Init	24	static
stm32f7xx_hal_qspi.c:449:13:HAL_QSPI_MspDeInit	0	static
stm32f7xx_hal_qspi.c:393:19:HAL_QSPI_DeInit	8	static
stm32f7xx_hal_qspi.c:785:19:HAL_QSPI_Command	40	static
stm32f7xx_hal_qspi.c:874:19:HAL_QSPI_Command_IT	24	static
stm32f7xx_hal_qspi.c:973:19:HAL_QSPI_Transmit	32	static
stm32f7xx_hal_qspi.c:1060:19:HAL_QSPI_Receive	32	static
stm32f7xx_hal_qspi.c:1149:19:HAL_QSPI_Transmit_IT	8	static
stm32f7xx_hal_qspi.c:1209:19:HAL_QSPI_Receive_IT	12	static
stm32f7xx_hal_qspi.c:1277:19:HAL_QSPI_Transmit_DMA	16	static
stm32f7xx_hal_qspi.c:1421:19:HAL_QSPI_Receive_DMA	16	static
stm32f7xx_hal_qspi.c:1567:19:HAL_QSPI_AutoPolling	40	static
stm32f7xx_hal_qspi.c:1667:19:HAL_QSPI_AutoPolling_IT	24	static
stm32f7xx_hal_qspi.c:1770:19:HAL_QSPI_MemoryMapped	32	static
stm32f7xx_hal_qspi.c:1856:13:HAL_QSPI_ErrorCallback	0	static
stm32f7xx_hal_qspi.c:2568:13:QSPI_DMAAbortCplt	8	static
stm32f7xx_hal_qspi.c:1871:13:HAL_QSPI_AbortCpltCallback	0	static
stm32f7xx_hal_qspi.c:1886:13:HAL_QSPI_CmdCpltCallback	0	static
stm32f7xx_hal_qspi.c:1901:13:HAL_QSPI_RxCpltCallback	0	static
stm32f7xx_hal_qspi.c:1916:13:HAL_QSPI_TxCpltCallback	0	static
stm32f7xx_hal_qspi.c:1931:13:HAL_QSPI_RxHalfCpltCallback	0	static
stm32f7xx_hal_qspi.c:2511:13:QSPI_DMARxHalfCplt	8	static
stm32f7xx_hal_qspi.c:1946:13:HAL_QSPI_TxHalfCpltCallback	0	static
stm32f7xx_hal_qspi.c:2527:13:QSPI_DMATxHalfCplt	8	static
stm32f7xx_hal_qspi.c:1961:13:HAL_QSPI_FifoThresholdCallback	0	static
stm32f7xx_hal_qspi.c:1976:13:HAL_QSPI_StatusMatchCallback	0	static
stm32f7xx_hal_qspi.c:1991:13:HAL_QSPI_TimeOutCallback	0	static
stm32f7xx_hal_qspi.c:488:6:HAL_QSPI_IRQHandler	16	static
stm32f7xx_hal_qspi.c:2249:23:HAL_QSPI_GetState	0	static
stm32f7xx_hal_qspi.c:2260:10:HAL_QSPI_GetError	0	static
stm32f7xx_hal_qspi.c:2270:19:HAL_QSPI_Abort	24	static
stm32f7xx_hal_qspi.c:2326:19:HAL_QSPI_Abort_IT	8	static
stm32f7xx_hal_qspi.c:2543:13:QSPI_DMAError	8	static
stm32f7xx_hal_qspi.c:2382:6:HAL_QSPI_SetTimeout	0	static
stm32f7xx_hal_qspi.c:2392:19:HAL_QSPI_SetFifoThreshold	8	static
stm32f7xx_hal_qspi.c:2424:10:HAL_QSPI_GetFifoThreshold	0	static
stm32f7xx_hal_qspi.c:2436:19:HAL_QSPI_SetFlashID	0	static
