jchuff.c:269:1:dump_buffer_s	16	static
jchuff.c:284:1:dump_buffer_e	16	static
jchuff.c:307:1:emit_bits_s	24	static
jchuff.c:346:1:emit_bits_e	24	static
jchuff.c:1197:1:encode_mcu_gather	64	static
jchuff.c:161:1:jpeg_make_c_derived_tbl	1328	static
jchuff.c:1451:1:start_pass_huff	40	static
jchuff.c:1256:1:jpeg_gen_optimal_table	2136	static
jchuff.c:424:1:emit_ac_symbol	4	static
jchuff.c:459:1:emit_eobrun	16	static
jchuff.c:511:1:emit_restart_e	16	static
jchuff.c:541:1:encode_mcu_DC_first	48	static
jchuff.c:739:1:encode_mcu_DC_refine	24	static
jchuff.c:628:1:encode_mcu_AC_first	56	static
jchuff.c:1397:1:finish_pass_gather	80	static
jchuff.c:786:1:encode_mcu_AC_refine	312	static
jchuff.c:1016:1:encode_mcu_huff	112	static
jchuff.c:1073:1:finish_pass_huff	64	static
jchuff.c:1557:1:jinit_huff_encoder	8	static
