jfdctint.c:158:1:jpeg_fdct_islow	64	static
jfdctint.c:328:1:jpeg_fdct_7x7	48	static
jfdctint.c:463:1:jpeg_fdct_6x6	48	static
jfdctint.c:576:1:jpeg_fdct_5x5	48	static
jfdctint.c:686:1:jpeg_fdct_4x4	40	static
jfdctint.c:779:1:jpeg_fdct_3x3	32	static
jfdctint.c:864:1:jpeg_fdct_2x2	16	static
jfdctint.c:908:1:jpeg_fdct_1x1	16	static
jfdctint.c:926:1:jpeg_fdct_9x9	96	static
jfdctint.c:1076:1:jpeg_fdct_10x10	136	static
jfdctint.c:1239:1:jpeg_fdct_11x11	168	static
jfdctint.c:1422:1:jpeg_fdct_12x12	224	static
jfdctint.c:1587:1:jpeg_fdct_13x13	248	static
jfdctint.c:1786:1:jpeg_fdct_14x14	296	static
jfdctint.c:1986:1:jpeg_fdct_15x15	328	static
jfdctint.c:2165:1:jpeg_fdct_16x16	368	static
jfdctint.c:2373:1:jpeg_fdct_16x8	120	static
jfdctint.c:2554:1:jpeg_fdct_14x7	104	static
jfdctint.c:2718:1:jpeg_fdct_12x6	96	static
jfdctint.c:2857:1:jpeg_fdct_10x5	80	static
jfdctint.c:2989:1:jpeg_fdct_8x4	64	static
jfdctint.c:3125:1:jpeg_fdct_6x3	48	static
jfdctint.c:3225:1:jpeg_fdct_4x2	40	static
jfdctint.c:3308:1:jpeg_fdct_2x1	16	static
jfdctint.c:3341:1:jpeg_fdct_8x16	336	static
jfdctint.c:3529:1:jpeg_fdct_7x14	256	static
jfdctint.c:3710:1:jpeg_fdct_6x12	184	static
jfdctint.c:3859:1:jpeg_fdct_5x10	120	static
jfdctint.c:4005:1:jpeg_fdct_4x8	48	static
jfdctint.c:4141:1:jpeg_fdct_3x6	48	static
jfdctint.c:4246:1:jpeg_fdct_2x4	24	static
jfdctint.c:4325:1:jpeg_fdct_1x2	16	static
