jmemmgr.c:218:1:out_of_memory	0	static
jmemmgr.c:724:1:do_barray_io	56	static
jmemmgr.c:258:1:alloc_small	40	static
jmemmgr.c:554:1:request_virt_barray	24	static
jmemmgr.c:524:1:request_virt_sarray	24	static
jmemmgr.c:931:1:free_pool	24	static
jmemmgr.c:1003:1:self_destruct	8	static
jmemmgr.c:842:1:access_virt_barray	40	static
jmemmgr.c:343:1:alloc_large	24	static
jmemmgr.c:444:1:alloc_barray	32	static
jmemmgr.c:396:1:alloc_sarray	32	static
jmemmgr.c:584:1:realize_virt_arrays	32	static
jmemmgr.c:757:1:access_virt_sarray	64	static
jmemmgr.c:1029:1:jinit_memory_mgr	16	static
