port.c:211:13:prvTaskExitError	8	static
port.c:255:13:prvPortStartFirstTask	0	static
port.c:691:13:vPortEnableVFP	0	static
port.c:181:14:pxPortInitialiseStack	0	static
port.c:236:6:SVC_Handler	0	static
port.c:383:6:vPortEndScheduler	0	static
port.c:391:6:vPortEnterCritical	0	static
port.c:408:6:vPortExitCritical	0	static
port.c:419:6:PendSV_Handler	0	static
port.c:478:6:SysTick_Handler	8	static
port.c:669:30:vPortSetupTimerInterrupt	0	static
port.c:281:12:xPortStartScheduler	16	static
port.c:707:7:vPortValidateInterruptPriority	0	static
