HAL.hpp:124:18:virtual void touchgfx::HAL::setDisplayOrientation(touchgfx::DisplayOrientation)	0	static
HAL.hpp:635:18:virtual bool touchgfx::HAL::sampleKey(uint8_t&)	0	static
HAL.hpp:825:30:virtual touchgfx::FlashDataReader* touchgfx::HAL::getFlashDataReader() const	0	static
HAL.hpp:974:18:virtual void touchgfx::HAL::taskDelay(uint16_t)	0	static
HAL.hpp:1001:22:virtual uint16_t touchgfx::HAL::getTFTCurrentLine()	0	static
HAL.hpp:1012:21:virtual touchgfx::DMAType touchgfx::HAL::getDMAType()	0	static
TouchGFXHAL.cpp:167:11:virtual uint16_t* TouchGFXHAL::getTFTFrameBuffer() const	0	static
TouchGFXHAL.hpp:36:7:TouchGFXHAL::~TouchGFXHAL()	0	static
TouchGFXHAL.cpp:203:6:virtual void TouchGFXHAL::flushFrameBuffer(const touchgfx::Rect&)	16	static,ignoring_inline_asm
TouchGFXHAL.cpp:315:6:virtual void TouchGFXHAL::endFrame()	8	static
TouchGFXHAL.cpp:184:6:virtual void TouchGFXHAL::setTFTFrameBuffer(uint16_t*)	0	static
HAL.hpp:156:18:virtual void touchgfx::HAL::setFrameBufferSize(uint16_t, uint16_t)	8	static
HAL.hpp:603:18:virtual void touchgfx::HAL::backPorchExited()	8	static
TouchGFXHAL.hpp:109:18:virtual void TouchGFXHAL::flushFrameBuffer()	0	static
TouchGFXHAL.hpp:36:7:virtual TouchGFXHAL::~TouchGFXHAL()	8	static
TouchGFXHAL.cpp:309:6:virtual bool TouchGFXHAL::beginFrame()	0	static
TouchGFXHAL.cpp:109:6:virtual void TouchGFXHAL::initialize()	16	static
TouchGFXHAL.cpp:134:6:virtual void TouchGFXHAL::taskEntry()	16	static
TouchGFXHAL.cpp:229:6:virtual void TouchGFXHAL::configureInterrupts()	8	static
HAL.hpp:298:28:virtual touchgfx::BlitOperations touchgfx::HAL::getBlitCaps()	0	static
HAL.hpp:1122:18:virtual void touchgfx::HAL::performDisplayOrientationChange()	8	static
TouchGFXHAL.cpp:249:6:virtual void TouchGFXHAL::enableInterrupts()	8	static
TouchGFXHAL.cpp:266:6:virtual void TouchGFXHAL::disableInterrupts()	8	static,ignoring_inline_asm
TouchGFXHAL.cpp:303:6:virtual void TouchGFXHAL::setFrameBufferStartAddresses(void*, void*, void*)	8	static
TouchGFXHAL.cpp:95:1:TouchGFXHAL::TouchGFXHAL(touchgfx::DMA_Interface&, touchgfx::LCD&, touchgfx::TouchController&, uint16_t, uint16_t)	16	static
TouchGFXHAL.cpp:332:17:void OTM8009A_IO_Delay(uint32_t)	0	static
TouchGFXHAL.cpp:344:10:void DSI_IO_WriteCmd(uint32_t, uint8_t*)	16	static
TouchGFXHAL.cpp:359:10:void LCD_ReqEnable()	16	static
TouchGFXHAL.cpp:383:10:void LCD_ReqTear()	24	static
TouchGFXHAL.cpp:284:6:virtual void TouchGFXHAL::enableLCDControllerInterrupt()	16	static
TouchGFXHAL.cpp:396:10:void LCD_SetUpdateRegion(int)	16	static
TouchGFXHAL.cpp:401:10:void LCD_SetUpdateRegionLeft()	16	static
TouchGFXHAL.cpp:406:10:void LCD_SetUpdateRegionRight()	16	static
TouchGFXHAL.cpp:420:10:void HAL_DSI_TearingEffectCallback(DSI_HandleTypeDef*)	16	static
TouchGFXHAL.cpp:457:10:void HAL_DSI_EndOfRefreshCallback(DSI_HandleTypeDef*)	16	static
TouchGFXHAL.cpp:558:19:long int IdleTaskHook(void*)	8	static
TouchGFXHAL.cpp:570:1:cpp)	0	static
