Drawable.hpp:132:23:virtual touchgfx::Drawable* touchgfx::Drawable::getFirstChild()	0	static
Drawable.hpp:298:18:virtual void touchgfx::Drawable::setX(int16_t)	0	static
Drawable.hpp:310:18:virtual void touchgfx::Drawable::setY(int16_t)	0	static
Drawable.hpp:339:18:virtual void touchgfx::Drawable::setWidth(int16_t)	0	static
Drawable.hpp:351:18:virtual void touchgfx::Drawable::setHeight(int16_t)	0	static
Drawable.hpp:361:18:virtual void touchgfx::Drawable::childGeometryChanged()	0	static
Drawable.hpp:372:18:virtual void touchgfx::Drawable::handleClickEvent(const touchgfx::ClickEvent&)	0	static
Drawable.hpp:383:18:virtual void touchgfx::Drawable::handleGestureEvent(const touchgfx::GestureEvent&)	0	static
Drawable.hpp:471:18:virtual void touchgfx::Drawable::handleDragEvent(const touchgfx::DragEvent&)	0	static
Drawable.hpp:481:18:virtual void touchgfx::Drawable::handleTickEvent()	0	static
Drawable.hpp:568:18:virtual void touchgfx::Drawable::moveTo(int16_t, int16_t)	4	static
Drawable.hpp:683:18:virtual void touchgfx::Drawable::setupDrawChain(const touchgfx::Rect&, touchgfx::Drawable**)	0	static
Screen.hpp:93:18:virtual void touchgfx::Screen::setupScreen()	0	static
Screen.hpp:104:18:virtual void touchgfx::Screen::afterTransition()	0	static
Screen.hpp:115:18:virtual void touchgfx::Screen::tearDownScreen()	0	static
Screen.hpp:144:18:virtual void touchgfx::Screen::handleTickEvent()	0	static
Screen.hpp:154:18:virtual void touchgfx::Screen::handleKeyEvent(uint8_t)	0	static
Widget.hpp:47:18:virtual void touchgfx::Widget::getLastChild(int16_t, int16_t, touchgfx::Drawable**)	0	static
TypedText.hpp:65:13:touchgfx::TypedText::~TypedText()	0	static
View.hpp:36:7:touchgfx::View<Screen1Presenter>::~View()	0	static
Screen1ViewBase.hpp:26:13:Screen1ViewBase::~Screen1ViewBase()	0	static
Screen1ViewBase.cpp:204:6:virtual void Screen1ViewBase::setupScreen()	0	static
Callback.hpp:357:8:touchgfx::Callback<Screen1ViewBase, const touchgfx::AbstractButton&>::~Callback()	0	static
Callback.hpp:386:18:void touchgfx::Callback<dest_type, T1, void, void>::execute(T1) [with dest_type = Screen1ViewBase; T1 = const touchgfx::AbstractButton&]	8	static
Callback.hpp:396:18:bool touchgfx::Callback<dest_type, T1, void, void>::isValid() const [with dest_type = Screen1ViewBase; T1 = const touchgfx::AbstractButton&]	0	static
TypedText.hpp:65:13:virtual touchgfx::TypedText::~TypedText()	8	static
Callback.hpp:357:8:virtual touchgfx::Callback<Screen1ViewBase, const touchgfx::AbstractButton&>::~Callback()	8	static
View.hpp:36:7:virtual touchgfx::View<Screen1Presenter>::~View()	8	static
Screen1ViewBase.hpp:26:13:virtual Screen1ViewBase::~Screen1ViewBase()	8	static
Screen1ViewBase.cpp:209:6:void Screen1ViewBase::buttonCallbackHandler(const touchgfx::AbstractButton&)	0	static
Drawable.hpp:48:5:touchgfx::Drawable::Drawable()	0	static
Drawable.hpp:326:10:void touchgfx::Drawable::setXY(int16_t, int16_t)	16	static
Drawable.hpp:216:10:void touchgfx::Drawable::setPosition(int16_t, int16_t, int16_t, int16_t)	16	static
Image.hpp:50:5:touchgfx::Image::Image(const touchgfx::Bitmap&)	16	static
AbstractPainterRGB565.hpp:41:5:touchgfx::AbstractPainterRGB565::AbstractPainterRGB565()	16	static
TextArea.hpp:42:5:touchgfx::TextArea::TextArea()	8	static
Screen1ViewBase.cpp:11:1:Screen1ViewBase::Screen1ViewBase()	176	static
