stm32f7xx_hal_msp.c:69:6:HAL_MspInit	8	static
stm32f7xx_hal_msp.c:93:6:HAL_ADC_MspInit	48	static
stm32f7xx_hal_msp.c:145:6:HAL_ADC_MspDeInit	8	static
stm32f7xx_hal_msp.c:175:6:HAL_CRC_MspInit	8	static
stm32f7xx_hal_msp.c:197:6:HAL_CRC_MspDeInit	0	static
stm32f7xx_hal_msp.c:219:6:HAL_DMA2D_MspInit	16	static
stm32f7xx_hal_msp.c:244:6:HAL_DMA2D_MspDeInit	0	static
stm32f7xx_hal_msp.c:269:6:HAL_DSI_MspInit	40	static
stm32f7xx_hal_msp.c:307:6:HAL_DSI_MspDeInit	8	static
stm32f7xx_hal_msp.c:337:6:HAL_I2C_MspInit	200	static
stm32f7xx_hal_msp.c:393:6:HAL_I2C_MspDeInit	8	static
stm32f7xx_hal_msp.c:426:6:HAL_JPEG_MspInit	24	static
stm32f7xx_hal_msp.c:495:6:HAL_JPEG_MspDeInit	8	static
stm32f7xx_hal_msp.c:524:6:HAL_LTDC_MspInit	160	static
stm32f7xx_hal_msp.c:564:6:HAL_LTDC_MspDeInit	0	static
stm32f7xx_hal_msp.c:589:6:HAL_QSPI_MspInit	64	static
stm32f7xx_hal_msp.c:662:6:HAL_QSPI_MspDeInit	8	static
stm32f7xx_hal_msp.c:703:6:HAL_TIM_OC_MspInit	16	static
stm32f7xx_hal_msp.c:728:6:HAL_TIM_OC_MspDeInit	0	static
stm32f7xx_hal_msp.c:877:6:HAL_SDRAM_MspInit	48	static
stm32f7xx_hal_msp.c:985:6:HAL_SDRAM_MspDeInit	8	static
stm32f7xx_hal_msp.c:1005:6:BSP_QSPI_MspInit	0	static
stm32f7xx_hal_msp.c:1019:6:BSP_QSPI_MspDeInit	0	static
stm32f7xx_hal_msp.c:1032:6:BSP_SDRAM_MspInit	0	static
stm32f7xx_hal_msp.c:1045:6:BSP_SDRAM_MspDeInit	0	static
