OSWrappers.cpp:36:6:static void touchgfx::OSWrappers::initialize()	8	static
OSWrappers.cpp:50:6:static void touchgfx::OSWrappers::takeFrameBufferSemaphore()	0	static
OSWrappers.cpp:58:6:static void touchgfx::OSWrappers::giveFrameBufferSemaphore()	0	static
OSWrappers.cpp:70:6:static void touchgfx::OSWrappers::tryTakeFrameBufferSemaphore()	0	static
OSWrappers.cpp:82:6:static void touchgfx::OSWrappers::giveFrameBufferSemaphoreFromISR()	0	static
OSWrappers.cpp:93:6:static void touchgfx::OSWrappers::signalVSync()	0	static
OSWrappers.cpp:102:6:static void touchgfx::OSWrappers::signalRenderingDone()	0	static
OSWrappers.cpp:113:6:static void touchgfx::OSWrappers::waitForVSync()	16	static
OSWrappers.cpp:136:6:static void touchgfx::OSWrappers::taskDelay(uint16_t)	0	static
OSWrappers.cpp:151:6:static void touchgfx::OSWrappers::taskYield()	0	static
