HAL.hpp:124:18:virtual void touchgfx::HAL::setDisplayOrientation(touchgfx::DisplayOrientation)	0	static
HAL.hpp:635:18:virtual bool touchgfx::HAL::sampleKey(uint8_t&)	0	static
HAL.hpp:825:30:virtual touchgfx::FlashDataReader* touchgfx::HAL::getFlashDataReader() const	0	static
HAL.hpp:974:18:virtual void touchgfx::HAL::taskDelay(uint16_t)	0	static
HAL.hpp:1001:22:virtual uint16_t touchgfx::HAL::getTFTCurrentLine()	0	static
HAL.hpp:1012:21:virtual touchgfx::DMAType touchgfx::HAL::getDMAType()	0	static
core_cm7.h:2427:22:void SCB_CleanInvalidateDCache()	16	static,ignoring_inline_asm
TouchGFXGeneratedHAL.cpp:63:6:virtual void TouchGFXGeneratedHAL::configureInterrupts()	0	static
TouchGFXGeneratedHAL.cpp:68:6:virtual void TouchGFXGeneratedHAL::enableInterrupts()	0	static
TouchGFXGeneratedHAL.cpp:78:6:virtual void TouchGFXGeneratedHAL::enableLCDControllerInterrupt()	0	static
TouchGFXGeneratedHAL.cpp:102:11:virtual uint16_t* TouchGFXGeneratedHAL::getTFTFrameBuffer() const	0	static
TouchGFXGeneratedHAL.cpp:108:6:virtual void TouchGFXGeneratedHAL::setTFTFrameBuffer(uint16_t*)	0	static
TouchGFXGeneratedHAL.cpp:131:6:virtual void TouchGFXGeneratedHAL::InvalidateCache()	0	static
DedicatedBufferVideoController.hpp:33:7:DedicatedBufferController<1, 480, 288, 960, touchgfx::Bitmap::RGB565>::~DedicatedBufferController()	0	static
TouchGFXGeneratedHAL.hpp:29:7:TouchGFXGeneratedHAL::~TouchGFXGeneratedHAL()	0	static
DedicatedBufferVideoController.hpp:137:10:void DedicatedBufferController<no_streams, width, height, stride, output_format>::setVideoData(touchgfx::VideoController::Handle, touchgfx::VideoDataReader&) [with long unsigned int no_streams = 1; long unsigned int width = 480; long unsigned int height = 288; long unsigned int stride = 960; touchgfx::Bitmap::BitmapFormat output_format = touchgfx::Bitmap::RGB565]	0	static
TouchGFXGeneratedHAL.cpp:44:6:virtual void TouchGFXGeneratedHAL::initialize()	16	static
HAL.hpp:682:18:virtual void touchgfx::HAL::setFrameBufferStartAddresses(void*, void*, void*)	8	static
HAL.hpp:156:18:virtual void touchgfx::HAL::setFrameBufferSize(uint16_t, uint16_t)	8	static
DedicatedBufferVideoController.hpp:334:10:bool DedicatedBufferController<no_streams, width, height, stride, output_format>::getIsPlaying(touchgfx::VideoController::Handle) [with long unsigned int no_streams = 1; long unsigned int width = 480; long unsigned int height = 288; long unsigned int stride = 960; touchgfx::Bitmap::BitmapFormat output_format = touchgfx::Bitmap::RGB565]	8	static
DedicatedBufferVideoController.hpp:328:10:void DedicatedBufferController<no_streams, width, height, stride, output_format>::getVideoInformation(touchgfx::VideoController::Handle, touchgfx::VideoInformation*) [with long unsigned int no_streams = 1; long unsigned int width = 480; long unsigned int height = 288; long unsigned int stride = 960; touchgfx::Bitmap::BitmapFormat output_format = touchgfx::Bitmap::RGB565]	8	static
DedicatedBufferVideoController.hpp:103:14:uint32_t DedicatedBufferController<no_streams, width, height, stride, output_format>::getCurrentFrameNumber(touchgfx::VideoController::Handle) [with long unsigned int no_streams = 1; long unsigned int width = 480; long unsigned int height = 288; long unsigned int stride = 960; touchgfx::Bitmap::BitmapFormat output_format = touchgfx::Bitmap::RGB565]	8	static
DedicatedBufferVideoController.hpp:126:10:void DedicatedBufferController<no_streams, width, height, stride, output_format>::setVideoData(touchgfx::VideoController::Handle, const uint8_t*, uint32_t) [with long unsigned int no_streams = 1; long unsigned int width = 480; long unsigned int height = 288; long unsigned int stride = 960; touchgfx::Bitmap::BitmapFormat output_format = touchgfx::Bitmap::RGB565]	8	static
DedicatedBufferVideoController.hpp:110:10:void DedicatedBufferController<no_streams, width, height, stride, output_format>::setFrameRate(touchgfx::VideoController::Handle, uint32_t, uint32_t) [with long unsigned int no_streams = 1; long unsigned int width = 480; long unsigned int height = 288; long unsigned int stride = 960; touchgfx::Bitmap::BitmapFormat output_format = touchgfx::Bitmap::RGB565]	8	static
TouchGFXGeneratedHAL.cpp:82:6:virtual bool TouchGFXGeneratedHAL::beginFrame()	0	static
TouchGFXGeneratedHAL.cpp:113:6:virtual void TouchGFXGeneratedHAL::flushFrameBuffer(const touchgfx::Rect&)	8	static
TouchGFXGeneratedHAL.cpp:126:6:virtual bool TouchGFXGeneratedHAL::blockCopy(void*, const void*, uint32_t)	0	static
DedicatedBufferVideoController.hpp:209:10:void DedicatedBufferController<no_streams, width, height, stride, output_format>::draw(touchgfx::VideoController::Handle, const touchgfx::Rect&, const touchgfx::VideoWidget&) [with long unsigned int no_streams = 1; long unsigned int width = 480; long unsigned int height = 288; long unsigned int stride = 960; touchgfx::Bitmap::BitmapFormat output_format = touchgfx::Bitmap::RGB565]	8	static
DedicatedBufferVideoController.hpp:80:10:void DedicatedBufferController<no_streams, width, height, stride, output_format>::unregisterVideoWidget(touchgfx::VideoController::Handle) [with long unsigned int no_streams = 1; long unsigned int width = 480; long unsigned int height = 288; long unsigned int stride = 960; touchgfx::Bitmap::BitmapFormat output_format = touchgfx::Bitmap::RGB565]	16	static
HAL.hpp:603:18:virtual void touchgfx::HAL::backPorchExited()	8	static
TouchGFXGeneratedHAL.hpp:105:18:virtual void TouchGFXGeneratedHAL::flushFrameBuffer()	0	static
TouchGFXGeneratedHAL.hpp:29:7:virtual TouchGFXGeneratedHAL::~TouchGFXGeneratedHAL()	8	static
DedicatedBufferVideoController.hpp:33:7:virtual DedicatedBufferController<1, 480, 288, 960, touchgfx::Bitmap::RGB565>::~DedicatedBufferController()	8	static
HAL.hpp:298:28:virtual touchgfx::BlitOperations touchgfx::HAL::getBlitCaps()	0	static
HAL.hpp:1122:18:virtual void touchgfx::HAL::performDisplayOrientationChange()	8	static
DedicatedBufferVideoController.hpp:142:10:void DedicatedBufferController<no_streams, width, height, stride, output_format>::setCommand(touchgfx::VideoController::Handle, touchgfx::VideoController::Command, uint32_t) [with long unsigned int no_streams = 1; long unsigned int width = 480; long unsigned int height = 288; long unsigned int stride = 960; touchgfx::Bitmap::BitmapFormat output_format = touchgfx::Bitmap::RGB565]	8	static
DedicatedBufferVideoController.hpp:181:10:bool DedicatedBufferController<no_streams, width, height, stride, output_format>::updateFrame(touchgfx::VideoController::Handle, touchgfx::VideoWidget&) [with long unsigned int no_streams = 1; long unsigned int width = 480; long unsigned int height = 288; long unsigned int stride = 960; touchgfx::Bitmap::BitmapFormat output_format = touchgfx::Bitmap::RGB565]	8	static
TouchGFXGeneratedHAL.cpp:87:6:virtual void TouchGFXGeneratedHAL::endFrame()	8	static
TouchGFXGeneratedHAL.cpp:73:6:virtual void TouchGFXGeneratedHAL::disableInterrupts()	0	static,ignoring_inline_asm
DedicatedBufferVideoController.hpp:51:12:touchgfx::VideoController::Handle DedicatedBufferController<no_streams, width, height, stride, output_format>::registerVideoWidget(touchgfx::VideoWidget&) [with long unsigned int no_streams = 1; long unsigned int width = 480; long unsigned int height = 288; long unsigned int stride = 960; touchgfx::Bitmap::BitmapFormat output_format = touchgfx::Bitmap::RGB565]	16	static
TouchGFXGeneratedHAL.cpp:35:18:static touchgfx::VideoController& touchgfx::VideoController::getInstance()	0	static
DedicatedBufferVideoController.hpp:270:10:void DedicatedBufferController<no_streams, width, height, stride, output_format>::decoderTaskEntry() [with long unsigned int no_streams = 1; long unsigned int width = 480; long unsigned int height = 288; long unsigned int stride = 960; touchgfx::Bitmap::BitmapFormat output_format = touchgfx::Bitmap::RGB565]	32	static
TouchGFXGeneratedHAL.cpp:155:17:void videoTaskFunc(void*)	8	static
TouchGFXGeneratedHAL.cpp:158:1:cpp)	16	static
